澶辫触!  - 澶辫触:     1锛岄€氳繃:    57锛屽凡璺宠繃:     0锛屾€昏:    58锛屾寔缁椂闂? 2 s - TerrariaTools.UnitTests.dll (net8.0)
