<?xml version="1.0" encoding="utf-8"?>
<TestRun id="f513468d-fb86-4650-89b8-b08b76f6454b" name="shan@16ACH-7900X 2026-07-23 10:02:23" runUser="16ACH-7900X\shan" xmlns="http://microsoft.com/schemas/VisualStudio/TeamTest/2010">
  <Times creation="2026-07-23T10:02:23.6293592+08:00" queuing="2026-07-23T10:02:23.6293602+08:00" start="2026-07-23T10:02:19.7498211+08:00" finish="2026-07-23T10:02:40.3463455+08:00" />
  <TestSettings name="default" id="c0ae3a3a-7ee8-450a-936a-d770ff356b5c">
    <Deployment runDeploymentRoot="shan_16ACH-7900X_2026-07-23_10_02_23" />
  </TestSettings>
  <Results>
    <UnitTestResult executionId="f5371e0a-bd8f-4c69-80ec-842c014454a4" testId="4a776756-d828-f620-b6e1-def567ad891d" testName="RoslynPrototype.Tests.CpgShardBuildCoordinatorTests.BuildFromSource_StreamingPersistence_MatchesSerialSnapshotAtConfiguredDop(maxDegreeOfParallelism: 12)" computerName="16ACH-7900X" duration="00:00:00.8079585" startTime="2026-07-23T10:02:28.2937441+08:00" endTime="2026-07-23T10:02:29.1015609+08:00" testType="13cdc9d9-ddb5-4fa4-a97d-d965ccfc6d4b" outcome="Passed" testListId="8c84fa94-04c1-424b-9868-57a2d4851a1d" relativeResultsDirectory="f5371e0a-bd8f-4c69-80ec-842c014454a4" />
    <UnitTestResult executionId="e6a79505-32ae-4737-884b-039b615dd4f3" testId="1eb8b3e8-a45f-b735-3f67-071ac4f179b1" testName="RoslynPrototype.Tests.CpgShardBuildCoordinatorTests.BuildFromSource_StreamingPersistence_RestoresGraphFromPublishedShards" computerName="16ACH-7900X" duration="00:00:00.7093610" startTime="2026-07-23T10:02:35.4529132+08:00" endTime="2026-07-23T10:02:36.1622955+08:00" testType="13cdc9d9-ddb5-4fa4-a97d-d965ccfc6d4b" outcome="Passed" testListId="8c84fa94-04c1-424b-9868-57a2d4851a1d" relativeResultsDirectory="e6a79505-32ae-4737-884b-039b615dd4f3" />
    <UnitTestResult executionId="11196420-4e76-42b4-89e7-69482e9a4b56" testId="b2270f6e-8bb2-9299-ca70-a3c29479fbd8" testName="RoslynPrototype.Tests.CpgShardBuildCoordinatorTests.BuildFromSource_Persistence_CompletedSessionRestoreDoesNotWaitForAnotherWriter" computerName="16ACH-7900X" duration="00:00:00.9227147" startTime="2026-07-23T10:02:38.6557842+08:00" endTime="2026-07-23T10:02:39.5826826+08:00" testType="13cdc9d9-ddb5-4fa4-a97d-d965ccfc6d4b" outcome="Passed" testListId="8c84fa94-04c1-424b-9868-57a2d4851a1d" relativeResultsDirectory="11196420-4e76-42b4-89e7-69482e9a4b56" />
    <UnitTestResult executionId="c1ba8968-59f2-4ae4-a4bd-bde2d60740d8" testId="945dddbd-e3ee-4ef0-b8c0-118b6d0476b8" testName="RoslynPrototype.Tests.CpgShardBuildCoordinatorTests.BuildFromSource_Persistence_ShardBackedSliceMatchesSerialAtConfiguredDop(maxDegreeOfParallelism: 1)" computerName="16ACH-7900X" duration="00:00:00.7125355" startTime="2026-07-23T10:02:24.9441855+08:00" endTime="2026-07-23T10:02:25.6567876+08:00" testType="13cdc9d9-ddb5-4fa4-a97d-d965ccfc6d4b" outcome="Passed" testListId="8c84fa94-04c1-424b-9868-57a2d4851a1d" relativeResultsDirectory="c1ba8968-59f2-4ae4-a4bd-bde2d60740d8" />
    <UnitTestResult executionId="6e376edd-0bb4-47ef-9ab5-124061b91c9a" testId="4714faeb-6826-4d0b-c12c-e0092fd5ee8e" testName="RoslynPrototype.Tests.CpgShardBuildCoordinatorTests.BuildFromSource_StreamingPersistence_LocalFunctionDescriptorsHaveUniqueShardOwnership" computerName="16ACH-7900X" duration="00:00:02.1556619" startTime="2026-07-23T10:02:21.1313727+08:00" endTime="2026-07-23T10:02:23.3032797+08:00" testType="13cdc9d9-ddb5-4fa4-a97d-d965ccfc6d4b" outcome="Passed" testListId="8c84fa94-04c1-424b-9868-57a2d4851a1d" relativeResultsDirectory="6e376edd-0bb4-47ef-9ab5-124061b91c9a" />
    <UnitTestResult executionId="05e63da7-b855-46db-b57e-2d4877df052f" testId="385f178c-719e-f6f9-9720-2780ef502495" testName="RoslynPrototype.Tests.CpgShardBuildCoordinatorTests.BuildFromSource_StreamingPersistence_StagedPrepublishRemainsInvisibleUntilCompletion" computerName="16ACH-7900X" duration="00:00:00.6098890" startTime="2026-07-23T10:02:32.5981468+08:00" endTime="2026-07-23T10:02:33.2088513+08:00" testType="13cdc9d9-ddb5-4fa4-a97d-d965ccfc6d4b" outcome="Passed" testListId="8c84fa94-04c1-424b-9868-57a2d4851a1d" relativeResultsDirectory="05e63da7-b855-46db-b57e-2d4877df052f" />
    <UnitTestResult executionId="56053c54-9229-4deb-896b-ce257d364a92" testId="6e0a4f60-bd8d-1dfd-f5e9-7c59925bdf4d" testName="RoslynPrototype.Tests.CpgShardBuildCoordinatorTests.BuildFromSource_Persistence_ShardBackedSliceMatchesSerialAtConfiguredDop(maxDegreeOfParallelism: 16)" computerName="16ACH-7900X" duration="00:00:00.6782106" startTime="2026-07-23T10:02:26.2928367+08:00" endTime="2026-07-23T10:02:26.9711672+08:00" testType="13cdc9d9-ddb5-4fa4-a97d-d965ccfc6d4b" outcome="Passed" testListId="8c84fa94-04c1-424b-9868-57a2d4851a1d" relativeResultsDirectory="56053c54-9229-4deb-896b-ce257d364a92" />
    <UnitTestResult executionId="271b4374-1933-4703-b8db-7f7c98ead1d3" testId="c75229d6-5f80-2448-0997-96bfb90225d7" testName="RoslynPrototype.Tests.CpgShardBuildCoordinatorTests.BuildFromSource_Persistence_DeletedCatalog_RebuildsCompletedSession" computerName="16ACH-7900X" duration="00:00:00.7599589" startTime="2026-07-23T10:02:37.3875947+08:00" endTime="2026-07-23T10:02:38.1478028+08:00" testType="13cdc9d9-ddb5-4fa4-a97d-d965ccfc6d4b" outcome="Passed" testListId="8c84fa94-04c1-424b-9868-57a2d4851a1d" relativeResultsDirectory="271b4374-1933-4703-b8db-7f7c98ead1d3" />
    <UnitTestResult executionId="e2325e8a-6496-4715-a9ef-3d1730abac41" testId="238c0756-f757-ea00-00df-baf9fb350dce" testName="RoslynPrototype.Tests.CpgShardBuildCoordinatorTests.BuildFromSource_Persistence_ShardBackedSliceMatchesSerialAtConfiguredDop(maxDegreeOfParallelism: 14)" computerName="16ACH-7900X" duration="00:00:00.9617643" startTime="2026-07-23T10:02:23.3243958+08:00" endTime="2026-07-23T10:02:24.2687878+08:00" testType="13cdc9d9-ddb5-4fa4-a97d-d965ccfc6d4b" outcome="Passed" testListId="8c84fa94-04c1-424b-9868-57a2d4851a1d" relativeResultsDirectory="e2325e8a-6496-4715-a9ef-3d1730abac41" />
    <UnitTestResult executionId="ca2d1bec-5cfd-4cdb-9e31-a9bf504e2f19" testId="38d75549-60c6-f3e7-c906-d6b39640a0e3" testName="RoslynPrototype.Tests.CpgShardBuildCoordinatorTests.BuildFromSource_StreamingPersistence_PublishesFragmentOwnedBoundaryAdjacencyWithoutGlobalManifest" computerName="16ACH-7900X" duration="00:00:00.5152778" startTime="2026-07-23T10:02:34.9371543+08:00" endTime="2026-07-23T10:02:35.4526359+08:00" testType="13cdc9d9-ddb5-4fa4-a97d-d965ccfc6d4b" outcome="Passed" testListId="8c84fa94-04c1-424b-9868-57a2d4851a1d" relativeResultsDirectory="ca2d1bec-5cfd-4cdb-9e31-a9bf504e2f19" />
    <UnitTestResult executionId="b5f9f469-1ac9-4f69-a6f3-9340ed151f4a" testId="cec36a8f-6968-38da-dd8c-3a774f0b678e" testName="RoslynPrototype.Tests.CpgShardBuildCoordinatorTests.BuildFromSource_Persistence_UsesConfiguredConcurrentFileWriteLimit" computerName="16ACH-7900X" duration="00:00:00.3435846" startTime="2026-07-23T10:02:32.2516369+08:00" endTime="2026-07-23T10:02:32.5974818+08:00" testType="13cdc9d9-ddb5-4fa4-a97d-d965ccfc6d4b" outcome="Passed" testListId="8c84fa94-04c1-424b-9868-57a2d4851a1d" relativeResultsDirectory="b5f9f469-1ac9-4f69-a6f3-9340ed151f4a" />
    <UnitTestResult executionId="d3538bf3-d96c-48f2-8120-f916fc108379" testId="07058c76-41b9-8df4-da26-d3a1299330d3" testName="RoslynPrototype.Tests.CpgShardBuildCoordinatorTests.BuildFromSource_StreamingPersistence_MatchesSerialSnapshotAtConfiguredDop(maxDegreeOfParallelism: 14)" computerName="16ACH-7900X" duration="00:00:00.7670752" startTime="2026-07-23T10:02:29.8667427+08:00" endTime="2026-07-23T10:02:30.6335800+08:00" testType="13cdc9d9-ddb5-4fa4-a97d-d965ccfc6d4b" outcome="Passed" testListId="8c84fa94-04c1-424b-9868-57a2d4851a1d" relativeResultsDirectory="d3538bf3-d96c-48f2-8120-f916fc108379" />
    <UnitTestResult executionId="fd4f06a0-fb10-4b75-8d06-e799fee5f0b5" testId="198bb05b-2452-8f53-fd69-65b8e2f84596" testName="RoslynPrototype.Tests.CpgShardBuildCoordinatorTests.BuildFromSource_StreamingPersistence_PrepublishesSkeletonAndMethodBoundariesBeforeOperationFragments" computerName="16ACH-7900X" duration="00:00:00.5062900" startTime="2026-07-23T10:02:38.1480870+08:00" endTime="2026-07-23T10:02:38.6554170+08:00" testType="13cdc9d9-ddb5-4fa4-a97d-d965ccfc6d4b" outcome="Passed" testListId="8c84fa94-04c1-424b-9868-57a2d4851a1d" relativeResultsDirectory="fd4f06a0-fb10-4b75-8d06-e799fee5f0b5" />
    <UnitTestResult executionId="98280799-8fd1-4c46-960f-352c61f1c5ec" testId="e8bd5edf-76da-3a99-33fc-085bf8274fdf" testName="RoslynPrototype.Tests.CpgShardBuildCoordinatorTests.BuildFromSource_Persistence_ConcurrentSharedStoreWaitsAndBothBuildsComplete" computerName="16ACH-7900X" duration="00:00:00.6424646" startTime="2026-07-23T10:02:33.2094801+08:00" endTime="2026-07-23T10:02:33.8521580+08:00" testType="13cdc9d9-ddb5-4fa4-a97d-d965ccfc6d4b" outcome="Passed" testListId="8c84fa94-04c1-424b-9868-57a2d4851a1d" relativeResultsDirectory="98280799-8fd1-4c46-960f-352c61f1c5ec" />
    <UnitTestResult executionId="ea0c444c-a859-44ca-8dd5-253be7fd2e0d" testId="d697a435-391a-a147-ef87-41eb5bb28116" testName="RoslynPrototype.Tests.CpgShardBuildCoordinatorTests.BuildFromSource_CompleteShardWasRemoved_RebuildsInsteadOfFailing" computerName="16ACH-7900X" duration="00:00:00.5725564" startTime="2026-07-23T10:02:33.8525034+08:00" endTime="2026-07-23T10:02:34.4250209+08:00" testType="13cdc9d9-ddb5-4fa4-a97d-d965ccfc6d4b" outcome="Passed" testListId="8c84fa94-04c1-424b-9868-57a2d4851a1d" relativeResultsDirectory="ea0c444c-a859-44ca-8dd5-253be7fd2e0d" />
    <UnitTestResult executionId="baa9cada-6af4-4a23-a588-038c67c55493" testId="d335834a-387f-454b-b9e0-55a58c52baf5" testName="RoslynPrototype.Tests.CpgShardBuildCoordinatorTests.BuildFromSource_StreamingPersistence_DeduplicatesOperationNodesWithSharedStableAnchor" computerName="16ACH-7900X" duration="00:00:00.6001259" startTime="2026-07-23T10:02:39.5832238+08:00" endTime="2026-07-23T10:02:40.1840949+08:00" testType="13cdc9d9-ddb5-4fa4-a97d-d965ccfc6d4b" outcome="Passed" testListId="8c84fa94-04c1-424b-9868-57a2d4851a1d" relativeResultsDirectory="baa9cada-6af4-4a23-a588-038c67c55493" />
    <UnitTestResult executionId="0ab42a77-dbd6-4ca3-9aa1-4777e929fbfd" testId="aa6f1d7b-fcf1-f8a3-1ebc-106b3ed99e6b" testName="RoslynPrototype.Tests.CpgShardBuildCoordinatorTests.BuildFromSource_StreamingPersistence_MatchesSerialSnapshotAtConfiguredDop(maxDegreeOfParallelism: 8)" computerName="16ACH-7900X" duration="00:00:00.9232037" startTime="2026-07-23T10:02:27.3699121+08:00" endTime="2026-07-23T10:02:28.2932780+08:00" testType="13cdc9d9-ddb5-4fa4-a97d-d965ccfc6d4b" outcome="Passed" testListId="8c84fa94-04c1-424b-9868-57a2d4851a1d" relativeResultsDirectory="0ab42a77-dbd6-4ca3-9aa1-4777e929fbfd" />
    <UnitTestResult executionId="f19c8557-004a-4a04-9b4e-cfe8e9cb0654" testId="e1f5b106-11ff-4e1e-5cd7-13c402796eff" testName="RoslynPrototype.Tests.CpgShardBuildCoordinatorTests.BuildFromSource_Persistence_WorkerFailureInvalidatesSessionAndCleansStaging" computerName="16ACH-7900X" duration="00:00:00.3975079" startTime="2026-07-23T10:02:26.9718343+08:00" endTime="2026-07-23T10:02:27.3695107+08:00" testType="13cdc9d9-ddb5-4fa4-a97d-d965ccfc6d4b" outcome="Passed" testListId="8c84fa94-04c1-424b-9868-57a2d4851a1d" relativeResultsDirectory="f19c8557-004a-4a04-9b4e-cfe8e9cb0654" />
    <UnitTestResult executionId="999bf3ca-ea7e-4ce5-a93d-09b744bd4019" testId="031d1b05-43d7-9002-4f8c-41d7d674a722" testName="RoslynPrototype.Tests.CpgShardBuildCoordinatorTests.BuildFromSource_PersistenceEnabled_PublishesSkeletonAndMethodShards" computerName="16ACH-7900X" duration="00:00:00.4000992" startTime="2026-07-23T10:02:36.5082556+08:00" endTime="2026-07-23T10:02:36.9082473+08:00" testType="13cdc9d9-ddb5-4fa4-a97d-d965ccfc6d4b" outcome="Passed" testListId="8c84fa94-04c1-424b-9868-57a2d4851a1d" relativeResultsDirectory="999bf3ca-ea7e-4ce5-a93d-09b744bd4019" />
    <UnitTestResult executionId="392230ca-3d73-41ac-8bb1-50ea41a0cbc6" testId="ab824a51-b4e9-c762-f2cf-86b520f35a35" testName="RoslynPrototype.Tests.CpgShardBuildCoordinatorTests.BuildFromSource_StreamingPersistence_PublishesMethodShardsInSourceOrderWithoutFileGraph" computerName="16ACH-7900X" duration="00:00:00.5115390" startTime="2026-07-23T10:02:34.4254187+08:00" endTime="2026-07-23T10:02:34.9368083+08:00" testType="13cdc9d9-ddb5-4fa4-a97d-d965ccfc6d4b" outcome="Passed" testListId="8c84fa94-04c1-424b-9868-57a2d4851a1d" relativeResultsDirectory="392230ca-3d73-41ac-8bb1-50ea41a0cbc6" />
    <UnitTestResult executionId="4d02845f-1717-4d28-9b7e-51aa9c024320" testId="44d9f20d-a6f8-18e2-218e-b76178bd9eef" testName="RoslynPrototype.Tests.CpgShardBuildCoordinatorTests.BuildFromSource_StreamingPersistence_MatchesSerialSnapshotAtConfiguredDop(maxDegreeOfParallelism: 1)" computerName="16ACH-7900X" duration="00:00:00.7641802" startTime="2026-07-23T10:02:29.1019246+08:00" endTime="2026-07-23T10:02:29.8661730+08:00" testType="13cdc9d9-ddb5-4fa4-a97d-d965ccfc6d4b" outcome="Passed" testListId="8c84fa94-04c1-424b-9868-57a2d4851a1d" relativeResultsDirectory="4d02845f-1717-4d28-9b7e-51aa9c024320" />
    <UnitTestResult executionId="4efa33dc-8896-4422-8c22-490a975af049" testId="584b4ee6-b14e-858c-39e3-7bbdcc08e5c9" testName="RoslynPrototype.Tests.CpgShardBuildCoordinatorTests.BuildFromSource_Persistence_ShardBackedSliceMatchesSerialAtConfiguredDop(maxDegreeOfParallelism: 12)" computerName="16ACH-7900X" duration="00:00:00.6346772" startTime="2026-07-23T10:02:25.6570818+08:00" endTime="2026-07-23T10:02:26.2922382+08:00" testType="13cdc9d9-ddb5-4fa4-a97d-d965ccfc6d4b" outcome="Passed" testListId="8c84fa94-04c1-424b-9868-57a2d4851a1d" relativeResultsDirectory="4efa33dc-8896-4422-8c22-490a975af049" />
    <UnitTestResult executionId="6fc188ac-370f-4aad-823c-5fa2c65669d6" testId="dbcc9110-c2e6-0b76-7249-1c2d4003a435" testName="RoslynPrototype.Tests.CpgShardBuildCoordinatorTests.BuildFromSource_StreamingPersistence_ReusesUnchangedOperationFragmentAfterLaterMethodEdit" computerName="16ACH-7900X" duration="00:00:00.8683657" startTime="2026-07-23T10:02:31.3829626+08:00" endTime="2026-07-23T10:02:32.2512633+08:00" testType="13cdc9d9-ddb5-4fa4-a97d-d965ccfc6d4b" outcome="Passed" testListId="8c84fa94-04c1-424b-9868-57a2d4851a1d" relativeResultsDirectory="6fc188ac-370f-4aad-823c-5fa2c65669d6" />
    <UnitTestResult executionId="c7e3032c-4fbe-4476-ae63-2b2e4b5d422d" testId="82e4100a-ad0c-1293-e10f-81aac8ae657f" testName="RoslynPrototype.Tests.CpgShardBuildCoordinatorTests.BuildFromSource_Persistence_UsesConfiguredConcurrentShardExportLimit" computerName="16ACH-7900X" duration="00:00:00.3450055" startTime="2026-07-23T10:02:36.1627479+08:00" endTime="2026-07-23T10:02:36.5079635+08:00" testType="13cdc9d9-ddb5-4fa4-a97d-d965ccfc6d4b" outcome="Passed" testListId="8c84fa94-04c1-424b-9868-57a2d4851a1d" relativeResultsDirectory="c7e3032c-4fbe-4476-ae63-2b2e4b5d422d" />
    <UnitTestResult executionId="a27b79a3-88b4-494f-9c82-15c2c3b90432" testId="a51bfd0d-5931-44d0-5d98-7aee6e0d6654" testName="RoslynPrototype.Tests.CpgShardBuildCoordinatorTests.BuildFromSource_Persistence_ShardBackedSliceMatchesSerialAtConfiguredDop(maxDegreeOfParallelism: 8)" computerName="16ACH-7900X" duration="00:00:00.6745502" startTime="2026-07-23T10:02:24.2700367+08:00" endTime="2026-07-23T10:02:24.9436929+08:00" testType="13cdc9d9-ddb5-4fa4-a97d-d965ccfc6d4b" outcome="Passed" testListId="8c84fa94-04c1-424b-9868-57a2d4851a1d" relativeResultsDirectory="a27b79a3-88b4-494f-9c82-15c2c3b90432" />
    <UnitTestResult executionId="94a3a84f-2f82-4293-a962-2d1c97a68206" testId="9f4473b2-5c0e-3574-6b8a-262dd14dd45c" testName="RoslynPrototype.Tests.CpgShardBuildCoordinatorTests.BuildFromSource_StreamingPersistence_MatchesSerialSnapshotAtConfiguredDop(maxDegreeOfParallelism: 16)" computerName="16ACH-7900X" duration="00:00:00.7487475" startTime="2026-07-23T10:02:30.6341000+08:00" endTime="2026-07-23T10:02:31.3825522+08:00" testType="13cdc9d9-ddb5-4fa4-a97d-d965ccfc6d4b" outcome="Passed" testListId="8c84fa94-04c1-424b-9868-57a2d4851a1d" relativeResultsDirectory="94a3a84f-2f82-4293-a962-2d1c97a68206" />
    <UnitTestResult executionId="83b336ef-abfa-4475-8821-b9d65d04bbc2" testId="927506ae-b263-f7bb-2fdf-30308f8f11a7" testName="RoslynPrototype.Tests.CpgShardBuildCoordinatorTests.BuildFromSource_StreamingPersistence_ReportsBoundedCatalogBatchTelemetry" computerName="16ACH-7900X" duration="00:00:00.4787765" startTime="2026-07-23T10:02:36.9084385+08:00" endTime="2026-07-23T10:02:37.3872992+08:00" testType="13cdc9d9-ddb5-4fa4-a97d-d965ccfc6d4b" outcome="Passed" testListId="8c84fa94-04c1-424b-9868-57a2d4851a1d" relativeResultsDirectory="83b336ef-abfa-4475-8821-b9d65d04bbc2" />
  </Results>
  <TestDefinitions>
    <UnitTest name="RoslynPrototype.Tests.CpgShardBuildCoordinatorTests.BuildFromSource_StreamingPersistence_MatchesSerialSnapshotAtConfiguredDop(maxDegreeOfParallelism: 8)" storage="d:\projectitem\sourcecode\net\nl\build\test\debug\net10.0\roslyndeletionprototype.tests.dll" id="aa6f1d7b-fcf1-f8a3-1ebc-106b3ed99e6b">
      <Execution id="0ab42a77-dbd6-4ca3-9aa1-4777e929fbfd" />
      <TestMethod codeBase="D:\ProjectItem\SourceCode\Net\NL\Build\test\Debug\net10.0\RoslynDeletionPrototype.Tests.dll" adapterTypeName="executor://xunit/VsTestRunner3/netcore/" className="RoslynPrototype.Tests.CpgShardBuildCoordinatorTests" name="BuildFromSource_StreamingPersistence_MatchesSerialSnapshotAtConfiguredDop" />
    </UnitTest>
    <UnitTest name="RoslynPrototype.Tests.CpgShardBuildCoordinatorTests.BuildFromSource_Persistence_UsesConfiguredConcurrentShardExportLimit" storage="d:\projectitem\sourcecode\net\nl\build\test\debug\net10.0\roslyndeletionprototype.tests.dll" id="82e4100a-ad0c-1293-e10f-81aac8ae657f">
      <Execution id="c7e3032c-4fbe-4476-ae63-2b2e4b5d422d" />
      <TestMethod codeBase="D:\ProjectItem\SourceCode\Net\NL\Build\test\Debug\net10.0\RoslynDeletionPrototype.Tests.dll" adapterTypeName="executor://xunit/VsTestRunner3/netcore/" className="RoslynPrototype.Tests.CpgShardBuildCoordinatorTests" name="BuildFromSource_Persistence_UsesConfiguredConcurrentShardExportLimit" />
    </UnitTest>
    <UnitTest name="RoslynPrototype.Tests.CpgShardBuildCoordinatorTests.BuildFromSource_StreamingPersistence_PrepublishesSkeletonAndMethodBoundariesBeforeOperationFragments" storage="d:\projectitem\sourcecode\net\nl\build\test\debug\net10.0\roslyndeletionprototype.tests.dll" id="198bb05b-2452-8f53-fd69-65b8e2f84596">
      <Execution id="fd4f06a0-fb10-4b75-8d06-e799fee5f0b5" />
      <TestMethod codeBase="D:\ProjectItem\SourceCode\Net\NL\Build\test\Debug\net10.0\RoslynDeletionPrototype.Tests.dll" adapterTypeName="executor://xunit/VsTestRunner3/netcore/" className="RoslynPrototype.Tests.CpgShardBuildCoordinatorTests" name="BuildFromSource_StreamingPersistence_PrepublishesSkeletonAndMethodBoundariesBeforeOperationFragments" />
    </UnitTest>
    <UnitTest name="RoslynPrototype.Tests.CpgShardBuildCoordinatorTests.BuildFromSource_StreamingPersistence_MatchesSerialSnapshotAtConfiguredDop(maxDegreeOfParallelism: 1)" storage="d:\projectitem\sourcecode\net\nl\build\test\debug\net10.0\roslyndeletionprototype.tests.dll" id="44d9f20d-a6f8-18e2-218e-b76178bd9eef">
      <Execution id="4d02845f-1717-4d28-9b7e-51aa9c024320" />
      <TestMethod codeBase="D:\ProjectItem\SourceCode\Net\NL\Build\test\Debug\net10.0\RoslynDeletionPrototype.Tests.dll" adapterTypeName="executor://xunit/VsTestRunner3/netcore/" className="RoslynPrototype.Tests.CpgShardBuildCoordinatorTests" name="BuildFromSource_StreamingPersistence_MatchesSerialSnapshotAtConfiguredDop" />
    </UnitTest>
    <UnitTest name="RoslynPrototype.Tests.CpgShardBuildCoordinatorTests.BuildFromSource_Persistence_UsesConfiguredConcurrentFileWriteLimit" storage="d:\projectitem\sourcecode\net\nl\build\test\debug\net10.0\roslyndeletionprototype.tests.dll" id="cec36a8f-6968-38da-dd8c-3a774f0b678e">
      <Execution id="b5f9f469-1ac9-4f69-a6f3-9340ed151f4a" />
      <TestMethod codeBase="D:\ProjectItem\SourceCode\Net\NL\Build\test\Debug\net10.0\RoslynDeletionPrototype.Tests.dll" adapterTypeName="executor://xunit/VsTestRunner3/netcore/" className="RoslynPrototype.Tests.CpgShardBuildCoordinatorTests" name="BuildFromSource_Persistence_UsesConfiguredConcurrentFileWriteLimit" />
    </UnitTest>
    <UnitTest name="RoslynPrototype.Tests.CpgShardBuildCoordinatorTests.BuildFromSource_Persistence_ShardBackedSliceMatchesSerialAtConfiguredDop(maxDegreeOfParallelism: 12)" storage="d:\projectitem\sourcecode\net\nl\build\test\debug\net10.0\roslyndeletionprototype.tests.dll" id="584b4ee6-b14e-858c-39e3-7bbdcc08e5c9">
      <Execution id="4efa33dc-8896-4422-8c22-490a975af049" />
      <TestMethod codeBase="D:\ProjectItem\SourceCode\Net\NL\Build\test\Debug\net10.0\RoslynDeletionPrototype.Tests.dll" adapterTypeName="executor://xunit/VsTestRunner3/netcore/" className="RoslynPrototype.Tests.CpgShardBuildCoordinatorTests" name="BuildFromSource_Persistence_ShardBackedSliceMatchesSerialAtConfiguredDop" />
    </UnitTest>
    <UnitTest name="RoslynPrototype.Tests.CpgShardBuildCoordinatorTests.BuildFromSource_PersistenceEnabled_PublishesSkeletonAndMethodShards" storage="d:\projectitem\sourcecode\net\nl\build\test\debug\net10.0\roslyndeletionprototype.tests.dll" id="031d1b05-43d7-9002-4f8c-41d7d674a722">
      <Execution id="999bf3ca-ea7e-4ce5-a93d-09b744bd4019" />
      <TestMethod codeBase="D:\ProjectItem\SourceCode\Net\NL\Build\test\Debug\net10.0\RoslynDeletionPrototype.Tests.dll" adapterTypeName="executor://xunit/VsTestRunner3/netcore/" className="RoslynPrototype.Tests.CpgShardBuildCoordinatorTests" name="BuildFromSource_PersistenceEnabled_PublishesSkeletonAndMethodShards" />
    </UnitTest>
    <UnitTest name="RoslynPrototype.Tests.CpgShardBuildCoordinatorTests.BuildFromSource_Persistence_ShardBackedSliceMatchesSerialAtConfiguredDop(maxDegreeOfParallelism: 14)" storage="d:\projectitem\sourcecode\net\nl\build\test\debug\net10.0\roslyndeletionprototype.tests.dll" id="238c0756-f757-ea00-00df-baf9fb350dce">
      <Execution id="e2325e8a-6496-4715-a9ef-3d1730abac41" />
      <TestMethod codeBase="D:\ProjectItem\SourceCode\Net\NL\Build\test\Debug\net10.0\RoslynDeletionPrototype.Tests.dll" adapterTypeName="executor://xunit/VsTestRunner3/netcore/" className="RoslynPrototype.Tests.CpgShardBuildCoordinatorTests" name="BuildFromSource_Persistence_ShardBackedSliceMatchesSerialAtConfiguredDop" />
    </UnitTest>
    <UnitTest name="RoslynPrototype.Tests.CpgShardBuildCoordinatorTests.BuildFromSource_StreamingPersistence_PublishesFragmentOwnedBoundaryAdjacencyWithoutGlobalManifest" storage="d:\projectitem\sourcecode\net\nl\build\test\debug\net10.0\roslyndeletionprototype.tests.dll" id="38d75549-60c6-f3e7-c906-d6b39640a0e3">
      <Execution id="ca2d1bec-5cfd-4cdb-9e31-a9bf504e2f19" />
      <TestMethod codeBase="D:\ProjectItem\SourceCode\Net\NL\Build\test\Debug\net10.0\RoslynDeletionPrototype.Tests.dll" adapterTypeName="executor://xunit/VsTestRunner3/netcore/" className="RoslynPrototype.Tests.CpgShardBuildCoordinatorTests" name="BuildFromSource_StreamingPersistence_PublishesFragmentOwnedBoundaryAdjacencyWithoutGlobalManifest" />
    </UnitTest>
    <UnitTest name="RoslynPrototype.Tests.CpgShardBuildCoordinatorTests.BuildFromSource_Persistence_CompletedSessionRestoreDoesNotWaitForAnotherWriter" storage="d:\projectitem\sourcecode\net\nl\build\test\debug\net10.0\roslyndeletionprototype.tests.dll" id="b2270f6e-8bb2-9299-ca70-a3c29479fbd8">
      <Execution id="11196420-4e76-42b4-89e7-69482e9a4b56" />
      <TestMethod codeBase="D:\ProjectItem\SourceCode\Net\NL\Build\test\Debug\net10.0\RoslynDeletionPrototype.Tests.dll" adapterTypeName="executor://xunit/VsTestRunner3/netcore/" className="RoslynPrototype.Tests.CpgShardBuildCoordinatorTests" name="BuildFromSource_Persistence_CompletedSessionRestoreDoesNotWaitForAnotherWriter" />
    </UnitTest>
    <UnitTest name="RoslynPrototype.Tests.CpgShardBuildCoordinatorTests.BuildFromSource_StreamingPersistence_RestoresGraphFromPublishedShards" storage="d:\projectitem\sourcecode\net\nl\build\test\debug\net10.0\roslyndeletionprototype.tests.dll" id="1eb8b3e8-a45f-b735-3f67-071ac4f179b1">
      <Execution id="e6a79505-32ae-4737-884b-039b615dd4f3" />
      <TestMethod codeBase="D:\ProjectItem\SourceCode\Net\NL\Build\test\Debug\net10.0\RoslynDeletionPrototype.Tests.dll" adapterTypeName="executor://xunit/VsTestRunner3/netcore/" className="RoslynPrototype.Tests.CpgShardBuildCoordinatorTests" name="BuildFromSource_StreamingPersistence_RestoresGraphFromPublishedShards" />
    </UnitTest>
    <UnitTest name="RoslynPrototype.Tests.CpgShardBuildCoordinatorTests.BuildFromSource_StreamingPersistence_PublishesMethodShardsInSourceOrderWithoutFileGraph" storage="d:\projectitem\sourcecode\net\nl\build\test\debug\net10.0\roslyndeletionprototype.tests.dll" id="ab824a51-b4e9-c762-f2cf-86b520f35a35">
      <Execution id="392230ca-3d73-41ac-8bb1-50ea41a0cbc6" />
      <TestMethod codeBase="D:\ProjectItem\SourceCode\Net\NL\Build\test\Debug\net10.0\RoslynDeletionPrototype.Tests.dll" adapterTypeName="executor://xunit/VsTestRunner3/netcore/" className="RoslynPrototype.Tests.CpgShardBuildCoordinatorTests" name="BuildFromSource_StreamingPersistence_PublishesMethodShardsInSourceOrderWithoutFileGraph" />
    </UnitTest>
    <UnitTest name="RoslynPrototype.Tests.CpgShardBuildCoordinatorTests.BuildFromSource_StreamingPersistence_MatchesSerialSnapshotAtConfiguredDop(maxDegreeOfParallelism: 14)" storage="d:\projectitem\sourcecode\net\nl\build\test\debug\net10.0\roslyndeletionprototype.tests.dll" id="07058c76-41b9-8df4-da26-d3a1299330d3">
      <Execution id="d3538bf3-d96c-48f2-8120-f916fc108379" />
      <TestMethod codeBase="D:\ProjectItem\SourceCode\Net\NL\Build\test\Debug\net10.0\RoslynDeletionPrototype.Tests.dll" adapterTypeName="executor://xunit/VsTestRunner3/netcore/" className="RoslynPrototype.Tests.CpgShardBuildCoordinatorTests" name="BuildFromSource_StreamingPersistence_MatchesSerialSnapshotAtConfiguredDop" />
    </UnitTest>
    <UnitTest name="RoslynPrototype.Tests.CpgShardBuildCoordinatorTests.BuildFromSource_Persistence_ShardBackedSliceMatchesSerialAtConfiguredDop(maxDegreeOfParallelism: 16)" storage="d:\projectitem\sourcecode\net\nl\build\test\debug\net10.0\roslyndeletionprototype.tests.dll" id="6e0a4f60-bd8d-1dfd-f5e9-7c59925bdf4d">
      <Execution id="56053c54-9229-4deb-896b-ce257d364a92" />
      <TestMethod codeBase="D:\ProjectItem\SourceCode\Net\NL\Build\test\Debug\net10.0\RoslynDeletionPrototype.Tests.dll" adapterTypeName="executor://xunit/VsTestRunner3/netcore/" className="RoslynPrototype.Tests.CpgShardBuildCoordinatorTests" name="BuildFromSource_Persistence_ShardBackedSliceMatchesSerialAtConfiguredDop" />
    </UnitTest>
    <UnitTest name="RoslynPrototype.Tests.CpgShardBuildCoordinatorTests.BuildFromSource_Persistence_ShardBackedSliceMatchesSerialAtConfiguredDop(maxDegreeOfParallelism: 8)" storage="d:\projectitem\sourcecode\net\nl\build\test\debug\net10.0\roslyndeletionprototype.tests.dll" id="a51bfd0d-5931-44d0-5d98-7aee6e0d6654">
      <Execution id="a27b79a3-88b4-494f-9c82-15c2c3b90432" />
      <TestMethod codeBase="D:\ProjectItem\SourceCode\Net\NL\Build\test\Debug\net10.0\RoslynDeletionPrototype.Tests.dll" adapterTypeName="executor://xunit/VsTestRunner3/netcore/" className="RoslynPrototype.Tests.CpgShardBuildCoordinatorTests" name="BuildFromSource_Persistence_ShardBackedSliceMatchesSerialAtConfiguredDop" />
    </UnitTest>
    <UnitTest name="RoslynPrototype.Tests.CpgShardBuildCoordinatorTests.BuildFromSource_Persistence_DeletedCatalog_RebuildsCompletedSession" storage="d:\projectitem\sourcecode\net\nl\build\test\debug\net10.0\roslyndeletionprototype.tests.dll" id="c75229d6-5f80-2448-0997-96bfb90225d7">
      <Execution id="271b4374-1933-4703-b8db-7f7c98ead1d3" />
      <TestMethod codeBase="D:\ProjectItem\SourceCode\Net\NL\Build\test\Debug\net10.0\RoslynDeletionPrototype.Tests.dll" adapterTypeName="executor://xunit/VsTestRunner3/netcore/" className="RoslynPrototype.Tests.CpgShardBuildCoordinatorTests" name="BuildFromSource_Persistence_DeletedCatalog_RebuildsCompletedSession" />
    </UnitTest>
    <UnitTest name="RoslynPrototype.Tests.CpgShardBuildCoordinatorTests.BuildFromSource_StreamingPersistence_LocalFunctionDescriptorsHaveUniqueShardOwnership" storage="d:\projectitem\sourcecode\net\nl\build\test\debug\net10.0\roslyndeletionprototype.tests.dll" id="4714faeb-6826-4d0b-c12c-e0092fd5ee8e">
      <Execution id="6e376edd-0bb4-47ef-9ab5-124061b91c9a" />
      <TestMethod codeBase="D:\ProjectItem\SourceCode\Net\NL\Build\test\Debug\net10.0\RoslynDeletionPrototype.Tests.dll" adapterTypeName="executor://xunit/VsTestRunner3/netcore/" className="RoslynPrototype.Tests.CpgShardBuildCoordinatorTests" name="BuildFromSource_StreamingPersistence_LocalFunctionDescriptorsHaveUniqueShardOwnership" />
    </UnitTest>
    <UnitTest name="RoslynPrototype.Tests.CpgShardBuildCoordinatorTests.BuildFromSource_StreamingPersistence_StagedPrepublishRemainsInvisibleUntilCompletion" storage="d:\projectitem\sourcecode\net\nl\build\test\debug\net10.0\roslyndeletionprototype.tests.dll" id="385f178c-719e-f6f9-9720-2780ef502495">
      <Execution id="05e63da7-b855-46db-b57e-2d4877df052f" />
      <TestMethod codeBase="D:\ProjectItem\SourceCode\Net\NL\Build\test\Debug\net10.0\RoslynDeletionPrototype.Tests.dll" adapterTypeName="executor://xunit/VsTestRunner3/netcore/" className="RoslynPrototype.Tests.CpgShardBuildCoordinatorTests" name="BuildFromSource_StreamingPersistence_StagedPrepublishRemainsInvisibleUntilCompletion" />
    </UnitTest>
    <UnitTest name="RoslynPrototype.Tests.CpgShardBuildCoordinatorTests.BuildFromSource_StreamingPersistence_MatchesSerialSnapshotAtConfiguredDop(maxDegreeOfParallelism: 12)" storage="d:\projectitem\sourcecode\net\nl\build\test\debug\net10.0\roslyndeletionprototype.tests.dll" id="4a776756-d828-f620-b6e1-def567ad891d">
      <Execution id="f5371e0a-bd8f-4c69-80ec-842c014454a4" />
      <TestMethod codeBase="D:\ProjectItem\SourceCode\Net\NL\Build\test\Debug\net10.0\RoslynDeletionPrototype.Tests.dll" adapterTypeName="executor://xunit/VsTestRunner3/netcore/" className="RoslynPrototype.Tests.CpgShardBuildCoordinatorTests" name="BuildFromSource_StreamingPersistence_MatchesSerialSnapshotAtConfiguredDop" />
    </UnitTest>
    <UnitTest name="RoslynPrototype.Tests.CpgShardBuildCoordinatorTests.BuildFromSource_Persistence_ShardBackedSliceMatchesSerialAtConfiguredDop(maxDegreeOfParallelism: 1)" storage="d:\projectitem\sourcecode\net\nl\build\test\debug\net10.0\roslyndeletionprototype.tests.dll" id="945dddbd-e3ee-4ef0-b8c0-118b6d0476b8">
      <Execution id="c1ba8968-59f2-4ae4-a4bd-bde2d60740d8" />
      <TestMethod codeBase="D:\ProjectItem\SourceCode\Net\NL\Build\test\Debug\net10.0\RoslynDeletionPrototype.Tests.dll" adapterTypeName="executor://xunit/VsTestRunner3/netcore/" className="RoslynPrototype.Tests.CpgShardBuildCoordinatorTests" name="BuildFromSource_Persistence_ShardBackedSliceMatchesSerialAtConfiguredDop" />
    </UnitTest>
    <UnitTest name="RoslynPrototype.Tests.CpgShardBuildCoordinatorTests.BuildFromSource_Persistence_WorkerFailureInvalidatesSessionAndCleansStaging" storage="d:\projectitem\sourcecode\net\nl\build\test\debug\net10.0\roslyndeletionprototype.tests.dll" id="e1f5b106-11ff-4e1e-5cd7-13c402796eff">
      <Execution id="f19c8557-004a-4a04-9b4e-cfe8e9cb0654" />
      <TestMethod codeBase="D:\ProjectItem\SourceCode\Net\NL\Build\test\Debug\net10.0\RoslynDeletionPrototype.Tests.dll" adapterTypeName="executor://xunit/VsTestRunner3/netcore/" className="RoslynPrototype.Tests.CpgShardBuildCoordinatorTests" name="BuildFromSource_Persistence_WorkerFailureInvalidatesSessionAndCleansStaging" />
    </UnitTest>
    <UnitTest name="RoslynPrototype.Tests.CpgShardBuildCoordinatorTests.BuildFromSource_Persistence_ConcurrentSharedStoreWaitsAndBothBuildsComplete" storage="d:\projectitem\sourcecode\net\nl\build\test\debug\net10.0\roslyndeletionprototype.tests.dll" id="e8bd5edf-76da-3a99-33fc-085bf8274fdf">
      <Execution id="98280799-8fd1-4c46-960f-352c61f1c5ec" />
      <TestMethod codeBase="D:\ProjectItem\SourceCode\Net\NL\Build\test\Debug\net10.0\RoslynDeletionPrototype.Tests.dll" adapterTypeName="executor://xunit/VsTestRunner3/netcore/" className="RoslynPrototype.Tests.CpgShardBuildCoordinatorTests" name="BuildFromSource_Persistence_ConcurrentSharedStoreWaitsAndBothBuildsComplete" />
    </UnitTest>
    <UnitTest name="RoslynPrototype.Tests.CpgShardBuildCoordinatorTests.BuildFromSource_StreamingPersistence_ReusesUnchangedOperationFragmentAfterLaterMethodEdit" storage="d:\projectitem\sourcecode\net\nl\build\test\debug\net10.0\roslyndeletionprototype.tests.dll" id="dbcc9110-c2e6-0b76-7249-1c2d4003a435">
      <Execution id="6fc188ac-370f-4aad-823c-5fa2c65669d6" />
      <TestMethod codeBase="D:\ProjectItem\SourceCode\Net\NL\Build\test\Debug\net10.0\RoslynDeletionPrototype.Tests.dll" adapterTypeName="executor://xunit/VsTestRunner3/netcore/" className="RoslynPrototype.Tests.CpgShardBuildCoordinatorTests" name="BuildFromSource_StreamingPersistence_ReusesUnchangedOperationFragmentAfterLaterMethodEdit" />
    </UnitTest>
    <UnitTest name="RoslynPrototype.Tests.CpgShardBuildCoordinatorTests.BuildFromSource_StreamingPersistence_ReportsBoundedCatalogBatchTelemetry" storage="d:\projectitem\sourcecode\net\nl\build\test\debug\net10.0\roslyndeletionprototype.tests.dll" id="927506ae-b263-f7bb-2fdf-30308f8f11a7">
      <Execution id="83b336ef-abfa-4475-8821-b9d65d04bbc2" />
      <TestMethod codeBase="D:\ProjectItem\SourceCode\Net\NL\Build\test\Debug\net10.0\RoslynDeletionPrototype.Tests.dll" adapterTypeName="executor://xunit/VsTestRunner3/netcore/" className="RoslynPrototype.Tests.CpgShardBuildCoordinatorTests" name="BuildFromSource_StreamingPersistence_ReportsBoundedCatalogBatchTelemetry" />
    </UnitTest>
    <UnitTest name="RoslynPrototype.Tests.CpgShardBuildCoordinatorTests.BuildFromSource_StreamingPersistence_DeduplicatesOperationNodesWithSharedStableAnchor" storage="d:\projectitem\sourcecode\net\nl\build\test\debug\net10.0\roslyndeletionprototype.tests.dll" id="d335834a-387f-454b-b9e0-55a58c52baf5">
      <Execution id="baa9cada-6af4-4a23-a588-038c67c55493" />
      <TestMethod codeBase="D:\ProjectItem\SourceCode\Net\NL\Build\test\Debug\net10.0\RoslynDeletionPrototype.Tests.dll" adapterTypeName="executor://xunit/VsTestRunner3/netcore/" className="RoslynPrototype.Tests.CpgShardBuildCoordinatorTests" name="BuildFromSource_StreamingPersistence_DeduplicatesOperationNodesWithSharedStableAnchor" />
    </UnitTest>
    <UnitTest name="RoslynPrototype.Tests.CpgShardBuildCoordinatorTests.BuildFromSource_CompleteShardWasRemoved_RebuildsInsteadOfFailing" storage="d:\projectitem\sourcecode\net\nl\build\test\debug\net10.0\roslyndeletionprototype.tests.dll" id="d697a435-391a-a147-ef87-41eb5bb28116">
      <Execution id="ea0c444c-a859-44ca-8dd5-253be7fd2e0d" />
      <TestMethod codeBase="D:\ProjectItem\SourceCode\Net\NL\Build\test\Debug\net10.0\RoslynDeletionPrototype.Tests.dll" adapterTypeName="executor://xunit/VsTestRunner3/netcore/" className="RoslynPrototype.Tests.CpgShardBuildCoordinatorTests" name="BuildFromSource_CompleteShardWasRemoved_RebuildsInsteadOfFailing" />
    </UnitTest>
    <UnitTest name="RoslynPrototype.Tests.CpgShardBuildCoordinatorTests.BuildFromSource_StreamingPersistence_MatchesSerialSnapshotAtConfiguredDop(maxDegreeOfParallelism: 16)" storage="d:\projectitem\sourcecode\net\nl\build\test\debug\net10.0\roslyndeletionprototype.tests.dll" id="9f4473b2-5c0e-3574-6b8a-262dd14dd45c">
      <Execution id="94a3a84f-2f82-4293-a962-2d1c97a68206" />
      <TestMethod codeBase="D:\ProjectItem\SourceCode\Net\NL\Build\test\Debug\net10.0\RoslynDeletionPrototype.Tests.dll" adapterTypeName="executor://xunit/VsTestRunner3/netcore/" className="RoslynPrototype.Tests.CpgShardBuildCoordinatorTests" name="BuildFromSource_StreamingPersistence_MatchesSerialSnapshotAtConfiguredDop" />
    </UnitTest>
  </TestDefinitions>
  <TestEntries>
    <TestEntry testId="4a776756-d828-f620-b6e1-def567ad891d" executionId="f5371e0a-bd8f-4c69-80ec-842c014454a4" testListId="8c84fa94-04c1-424b-9868-57a2d4851a1d" />
    <TestEntry testId="1eb8b3e8-a45f-b735-3f67-071ac4f179b1" executionId="e6a79505-32ae-4737-884b-039b615dd4f3" testListId="8c84fa94-04c1-424b-9868-57a2d4851a1d" />
    <TestEntry testId="b2270f6e-8bb2-9299-ca70-a3c29479fbd8" executionId="11196420-4e76-42b4-89e7-69482e9a4b56" testListId="8c84fa94-04c1-424b-9868-57a2d4851a1d" />
    <TestEntry testId="945dddbd-e3ee-4ef0-b8c0-118b6d0476b8" executionId="c1ba8968-59f2-4ae4-a4bd-bde2d60740d8" testListId="8c84fa94-04c1-424b-9868-57a2d4851a1d" />
    <TestEntry testId="4714faeb-6826-4d0b-c12c-e0092fd5ee8e" executionId="6e376edd-0bb4-47ef-9ab5-124061b91c9a" testListId="8c84fa94-04c1-424b-9868-57a2d4851a1d" />
    <TestEntry testId="385f178c-719e-f6f9-9720-2780ef502495" executionId="05e63da7-b855-46db-b57e-2d4877df052f" testListId="8c84fa94-04c1-424b-9868-57a2d4851a1d" />
    <TestEntry testId="6e0a4f60-bd8d-1dfd-f5e9-7c59925bdf4d" executionId="56053c54-9229-4deb-896b-ce257d364a92" testListId="8c84fa94-04c1-424b-9868-57a2d4851a1d" />
    <TestEntry testId="c75229d6-5f80-2448-0997-96bfb90225d7" executionId="271b4374-1933-4703-b8db-7f7c98ead1d3" testListId="8c84fa94-04c1-424b-9868-57a2d4851a1d" />
    <TestEntry testId="238c0756-f757-ea00-00df-baf9fb350dce" executionId="e2325e8a-6496-4715-a9ef-3d1730abac41" testListId="8c84fa94-04c1-424b-9868-57a2d4851a1d" />
    <TestEntry testId="38d75549-60c6-f3e7-c906-d6b39640a0e3" executionId="ca2d1bec-5cfd-4cdb-9e31-a9bf504e2f19" testListId="8c84fa94-04c1-424b-9868-57a2d4851a1d" />
    <TestEntry testId="cec36a8f-6968-38da-dd8c-3a774f0b678e" executionId="b5f9f469-1ac9-4f69-a6f3-9340ed151f4a" testListId="8c84fa94-04c1-424b-9868-57a2d4851a1d" />
    <TestEntry testId="07058c76-41b9-8df4-da26-d3a1299330d3" executionId="d3538bf3-d96c-48f2-8120-f916fc108379" testListId="8c84fa94-04c1-424b-9868-57a2d4851a1d" />
    <TestEntry testId="198bb05b-2452-8f53-fd69-65b8e2f84596" executionId="fd4f06a0-fb10-4b75-8d06-e799fee5f0b5" testListId="8c84fa94-04c1-424b-9868-57a2d4851a1d" />
    <TestEntry testId="e8bd5edf-76da-3a99-33fc-085bf8274fdf" executionId="98280799-8fd1-4c46-960f-352c61f1c5ec" testListId="8c84fa94-04c1-424b-9868-57a2d4851a1d" />
    <TestEntry testId="d697a435-391a-a147-ef87-41eb5bb28116" executionId="ea0c444c-a859-44ca-8dd5-253be7fd2e0d" testListId="8c84fa94-04c1-424b-9868-57a2d4851a1d" />
    <TestEntry testId="d335834a-387f-454b-b9e0-55a58c52baf5" executionId="baa9cada-6af4-4a23-a588-038c67c55493" testListId="8c84fa94-04c1-424b-9868-57a2d4851a1d" />
    <TestEntry testId="aa6f1d7b-fcf1-f8a3-1ebc-106b3ed99e6b" executionId="0ab42a77-dbd6-4ca3-9aa1-4777e929fbfd" testListId="8c84fa94-04c1-424b-9868-57a2d4851a1d" />
    <TestEntry testId="e1f5b106-11ff-4e1e-5cd7-13c402796eff" executionId="f19c8557-004a-4a04-9b4e-cfe8e9cb0654" testListId="8c84fa94-04c1-424b-9868-57a2d4851a1d" />
    <TestEntry testId="031d1b05-43d7-9002-4f8c-41d7d674a722" executionId="999bf3ca-ea7e-4ce5-a93d-09b744bd4019" testListId="8c84fa94-04c1-424b-9868-57a2d4851a1d" />
    <TestEntry testId="ab824a51-b4e9-c762-f2cf-86b520f35a35" executionId="392230ca-3d73-41ac-8bb1-50ea41a0cbc6" testListId="8c84fa94-04c1-424b-9868-57a2d4851a1d" />
    <TestEntry testId="44d9f20d-a6f8-18e2-218e-b76178bd9eef" executionId="4d02845f-1717-4d28-9b7e-51aa9c024320" testListId="8c84fa94-04c1-424b-9868-57a2d4851a1d" />
    <TestEntry testId="584b4ee6-b14e-858c-39e3-7bbdcc08e5c9" executionId="4efa33dc-8896-4422-8c22-490a975af049" testListId="8c84fa94-04c1-424b-9868-57a2d4851a1d" />
    <TestEntry testId="dbcc9110-c2e6-0b76-7249-1c2d4003a435" executionId="6fc188ac-370f-4aad-823c-5fa2c65669d6" testListId="8c84fa94-04c1-424b-9868-57a2d4851a1d" />
    <TestEntry testId="82e4100a-ad0c-1293-e10f-81aac8ae657f" executionId="c7e3032c-4fbe-4476-ae63-2b2e4b5d422d" testListId="8c84fa94-04c1-424b-9868-57a2d4851a1d" />
    <TestEntry testId="a51bfd0d-5931-44d0-5d98-7aee6e0d6654" executionId="a27b79a3-88b4-494f-9c82-15c2c3b90432" testListId="8c84fa94-04c1-424b-9868-57a2d4851a1d" />
    <TestEntry testId="9f4473b2-5c0e-3574-6b8a-262dd14dd45c" executionId="94a3a84f-2f82-4293-a962-2d1c97a68206" testListId="8c84fa94-04c1-424b-9868-57a2d4851a1d" />
    <TestEntry testId="927506ae-b263-f7bb-2fdf-30308f8f11a7" executionId="83b336ef-abfa-4475-8821-b9d65d04bbc2" testListId="8c84fa94-04c1-424b-9868-57a2d4851a1d" />
  </TestEntries>
  <TestLists>
    <TestList name="列表中未列出的结果" id="8c84fa94-04c1-424b-9868-57a2d4851a1d" />
    <TestList name="所有已加载的结果" id="19431567-8539-422a-85d7-44ee4e166bda" />
  </TestLists>
  <ResultSummary outcome="Completed">
    <Counters total="27" executed="27" passed="27" failed="0" error="0" timeout="0" aborted="0" inconclusive="0" passedButRunAborted="0" notRunnable="0" notExecuted="0" disconnected="0" warning="0" completed="0" inProgress="0" pending="0" />
    <Output>
      <StdOut>[xUnit.net 00:00:00.00] xUnit.net VSTest Adapter v3.1.1+bf6400fd51 (64-bit .NET 10.0.2)&#xD;
[xUnit.net 00:00:00.20]   Discovering: RoslynDeletionPrototype.Tests&#xD;
[xUnit.net 00:00:00.36]   Discovered:  RoslynDeletionPrototype.Tests&#xD;
[xUnit.net 00:00:00.42]   Starting:    RoslynDeletionPrototype.Tests&#xD;
[xUnit.net 00:00:19.53]   Finished:    RoslynDeletionPrototype.Tests&#xD;
</StdOut>
    </Output>
  </ResultSummary>
</TestRun>